// Vitest Snapshot v1, https://vitest.dev/guide/snapshot.html

exports[`the reference project's report > has the structure the template asks for 1`] = `
[
  {
    "blocks": [
      "table Materialien (11x2)",
      "paragraph",
    ],
    "id": "materials",
    "title": "Materialien",
  },
  {
    "blocks": [
      "h2 Lagenaufbau",
      "keyValue Aufbau | Anzahl Lagen | Gesamtdicke | symmetrisch (B≈0) | Flächengewicht | Versagenskriterien",
      "table Lagenaufbau (6x26)",
      "figure stack: Lagenaufbau von GM-Kriterien, maßstäblich",
      "h2 Steifigkeit: ABD-Matrix und Ingenieurkonstanten",
      "table ABD-Matrix (7x6)",
      "figure abdHeatmap: ABD-Matrix als Größenübersicht (je Block A/B/D separat normiert)",
      "table Ingenieurskonstanten (6x4)",
      "table Ausdehnungskoeffizienten (Wärme, Feuchte) (3x3)",
      "figure polar: Polardiagramm: die Laminatmatrizen über den Drehwinkel",
      "formula lokale Steifigkeit Q (Lage 1) +values",
      "formula Drehung ins Laminat-Koordinatensystem (Q̄, Lage 1) +values",
      "formula Aufbau der A-Matrix (A11) +values",
      "formula Ingenieurskonstante Ex (mit Querkontraktion, „simple“) +values",
      "formula Querkontraktionszahl νxy +values",
      "h2 Lastfälle",
      "table Lastfälle (9x1)",
      "paragraph",
      "h2 Lagenergebnisse, Lastfall GM-Krit-Zug",
      "keyValue Maßgebender RF | Maßgebende Lage | Versagende Lagen | Ergebnis",
      "table Lagenergebnisse (7x26)",
      "figure reserveFactor: RF je Lage, Unter- und Oberseite, Lastfall GM-Krit-Zug. Farbe nach Versagensart: rot Faserbruch, orange Zwischenfaserbruch, violett allgemeines Materialversagen, grün unbeschädigt; die markierte Lagennummer ist die maßgebende Lage",
      "figure sheet: Dehnung, Spannung und Reserve über die Dicke, Lastfall GM-Krit-Zug",
      "figure failureBody: Versagenskörper von Lage 25 (Max. Dehnung, GM-GFK-UD) mit ihren Spannungszuständen an Unter- und Oberseite, Lastfall GM-Krit-Zug; grüner Punkt innerhalb, rotes Kreuz außerhalb; jede Achse auf die Ausdehnung des Körpers normiert",
      "formula Dehnung und Spannung über die Dicke +values",
      "h2 Versagensreihenfolge",
      "keyValue Last | RF erster Zwischenfaserbruch | RF erster Faserbruch | RF Grenzdehnung | Lastfaktor beim Endversagen",
      "paragraph",
      "figure sequence: Versagensreihenfolge",
      "table Degradationspfad (7x1)",
      "formula Fortschreitende Degradation +values",
      "paragraph",
      "h2 Beulen",
      "keyValue Plattenlänge × -breite | Ränder senkrecht zu x | Ränder senkrecht zu y | Ritz-Terme m × n | Last | Laststeigerungsfaktor λ | Kritische Flüsse",
      "table Weitere Beulformen (3x10)",
      "figure plate: Erste Beulform (Laststeigerungsfaktor 27,953), auf 1 normiert; Standardansicht mit Lagerung und Kraftflüssen",
      "formula Beul-Eigenwertproblem +values",
    ],
    "id": "laminate:00000000-0000-4000-8000-00000000000a",
    "title": "Laminat GM-Kriterien",
  },
  {
    "blocks": [
      "h2 Lagenaufbau",
      "keyValue Aufbau | Anzahl Lagen | Gesamtdicke | symmetrisch (B≈0) | Flächengewicht | Versagenskriterien",
      "table Lagenaufbau (6x5)",
      "paragraph",
      "figure stack: Lagenaufbau von GM-SymMittellage, maßstäblich",
      "h2 Steifigkeit: ABD-Matrix und Ingenieurkonstanten",
      "table ABD-Matrix (7x6)",
      "figure abdHeatmap: ABD-Matrix als Größenübersicht (je Block A/B/D separat normiert)",
      "table Ingenieurskonstanten (6x4)",
      "table Ausdehnungskoeffizienten (Wärme, Feuchte) (3x3)",
      "figure polar: Polardiagramm: die Laminatmatrizen über den Drehwinkel",
      "formula lokale Steifigkeit Q (Lage 1) +values",
      "formula Drehung ins Laminat-Koordinatensystem (Q̄, Lage 1) +values",
      "formula Aufbau der A-Matrix (A11) +values",
      "formula Ingenieurskonstante Ex (mit Querkontraktion, „simple“) +values",
      "formula Querkontraktionszahl νxy +values",
      "h2 Lastfälle",
      "table Lastfälle (9x1)",
      "paragraph",
      "h2 Lagenergebnisse, Lastfall GM-Sym-Zug",
      "keyValue Maßgebender RF | Maßgebende Lage | Versagende Lagen | Ergebnis",
      "table Lagenergebnisse (7x9)",
      "figure reserveFactor: RF je Lage, Unter- und Oberseite, Lastfall GM-Sym-Zug. Farbe nach Versagensart: rot Faserbruch, orange Zwischenfaserbruch, violett allgemeines Materialversagen, grün unbeschädigt; die markierte Lagennummer ist die maßgebende Lage",
      "figure sheet: Dehnung, Spannung und Reserve über die Dicke, Lastfall GM-Sym-Zug",
      "figure failureBody: Versagenskörper von Lage 4 (Max. Spannung, GM-GFK-UD) mit ihren Spannungszuständen an Unter- und Oberseite, Lastfall GM-Sym-Zug; grüner Punkt innerhalb, rotes Kreuz außerhalb; jede Achse auf die Ausdehnung des Körpers normiert",
      "formula Dehnung und Spannung über die Dicke +values",
      "h2 Versagensreihenfolge",
      "keyValue Last | RF erster Zwischenfaserbruch | RF erster Faserbruch | RF Grenzdehnung | Lastfaktor beim Endversagen",
      "figure sequence: Versagensreihenfolge",
      "table Degradationspfad (7x12)",
      "formula Fortschreitende Degradation +values",
      "paragraph",
      "h2 Beulen",
      "keyValue Plattenlänge × -breite | Ränder senkrecht zu x | Ränder senkrecht zu y | Ritz-Terme m × n | Last | Laststeigerungsfaktor λ | Kritische Flüsse",
      "table Weitere Beulformen (3x10)",
      "figure plate: Erste Beulform (Laststeigerungsfaktor 2,522), auf 1 normiert; Standardansicht mit Lagerung und Kraftflüssen",
      "formula Beul-Eigenwertproblem +values",
      "h2 Durchbiegung",
      "keyValue Plattenlänge × -breite | Ränder senkrecht zu x | Ränder senkrecht zu y | Ritz-Terme m × n | Lasten | Größte Durchbiegung | Maximum bei x / y",
      "figure plate: Durchbiegung w, Standardansicht mit Lagerung und Lasten; Höhe und Dicke überhöht",
      "formula Ritz-Reihe und lineares Gleichungssystem +values",
    ],
    "id": "laminate:00000000-0000-4000-8000-00000000001a",
    "title": "Laminat GM-SymMittellage",
  },
]
`;
